// Jest Snapshot v1, https://goo.gl/fbAQLP

exports[`Test item component Should render component 1`] = `
<div
  className="item"
>
  <a
    href="/edit/1"
    onClick={[Function]}
  >
    <div
      style={
        Object {
          "background": "linear-gradient(90deg, #333 0%, #222 100%)",
          "height": "50px",
        }
      }
    >
      <span
        className="text-left"
      >
        #333
      </span>
      <span
        className="text-right"
      >
        #222
      </span>
    </div>
  </a>
  <div
    className="delete-btn"
    onClick={[Function]}
  >
    <span>
      X
    </span>
  </div>
</div>
`;
